

Parsed program: 


bool f()
{
a = bool true;
b := true;
c = bool 0;
return a;
}

