

Parsed program: 


int f()
{
a = int 1;
b = int 2;
if (a == b)
{
return a;
}
else
{
return b;
}
}

